Script started on Sat Jun 18 14:10:11 2022

The default interactive shell is now zsh.
To update your account to use zsh, please run `chsh -s /bin/zsh`.
For more details, please visit https://support.apple.com/kb/HT208050.
[?1034hbash-3.2$ const var jsonData = require('data [K/publicatios[Kns.json')
bash: syntax error near unexpected token `('
bash-3.2$ const var jsonData = require('data.[K/frank.csv')
bash: syntax error near unexpected token `('
bash-3.2$ const var jsonData = require data/frank.csv
bash: const: command not found
bash-3.2$ sctr[K[Kript v[Kconst var jsonData = require([K data/fra[K[K[Kfrank.csv
Script started, output file is const
script: var: No such file or directory

Script done, output file is const
bash-3.2$ script const var jsonData = require [K(d[K'data.[K/frank.s[Kcsv')
bash: syntax error near unexpected token `('
bash-3.2$ script const a[Kvr [K[Kar jsonData = require 'data/g[Kfrank.csv'
Script started, output file is const
script: var: No such file or directory

Script done, output file is const
bash-3.2$ fet[K[K[Kscript fec[Ktch ('data.[K/frank.csv')
bash: syntax error near unexpected token `('
bash-3.2$ script fetch (data/frank.csv)
bash: syntax error near unexpected token `('
bash-3.2$ sr[Kcript fetch 'data/frank.csv'
Script started, output file is fetch
script: data/frank.csv: Permission denied

Script done, output file is fetch
bash-3.2$ cons